============= S HI =================

|A | A | D | D | D | D | D | D | G | G | G | G | G | G | I | I | I | I | 0 | 0 | 
|0 | 0 | C | C | C | C | K | K | K | K | K | K | 0 | 0 | J | J | 0 | 0 | 0 | 0 | 


============= S LO =================

|A | B | C | C | B | B | K | K | K | B | B | F | H | H | L | 0 | 0 | 0 | 0 | 0 | 
|0 | D | D | D | G | G | B | B | G | I | I | E | J | 0 | 0 | 0 | 0 | 0 | 0 | 0 | 
